// Jest Snapshot v1, https://goo.gl/fbAQLP

exports[`<Form /> snapshot should match previous snapshot 1`] = `
<form
  onSubmit={[Function]}
>
  <div>
    <label
      htmlFor="firstName"
    >
      First Name
    </label>
    <input
      id="firstName"
      name="firstName"
      onBlur={[Function]}
      onChange={[Function]}
      onFocus={[Function]}
    />
    <pre
      data-testid="extra_firstName"
    >
      {
  "label": "First Name"
}
    </pre>
  </div>
  <div>
    <label
      htmlFor="tel"
    >
      First Name
    </label>
    <input
      id="tel"
      name="tel"
      onBlur={[Function]}
      onChange={[Function]}
      onFocus={[Function]}
      value="07934449898"
    />
    <pre
      data-testid="extra_tel"
    >
      {
  "label": "First Name"
}
    </pre>
  </div>
  <div>
    <label
      htmlFor="email"
    >
      Email Address
    </label>
    <input
      id="email"
      name="email"
      onBlur={[Function]}
      onChange={[Function]}
      onFocus={[Function]}
    />
    <pre
      data-testid="extra_email"
    >
      {
  "label": "Email Address"
}
    </pre>
  </div>
  <div>
    <label
      htmlFor="type"
    >
      Type of hobby
    </label>
    <input
      id="type"
      name="type"
      onBlur={[Function]}
      onChange={[Function]}
      onFocus={[Function]}
      value="art"
    />
    <pre
      data-testid="extra_type"
    >
      {
  "label": "Type of hobby"
}
    </pre>
  </div>
  <div>
    <label
      htmlFor="name"
    >
      Name of hobby
    </label>
    <input
      id="name"
      name="name"
      onBlur={[Function]}
      onChange={[Function]}
      onFocus={[Function]}
      value="print making"
    />
    <pre
      data-testid="extra_name"
    >
      {
  "label": "Name of hobby"
}
    </pre>
  </div>
  <pre>
    {
  "formValue": {
    "name": "Stuart Bourhill",
    "age": 0,
    "contact": {
      "tel": "07934449898",
      "address": {
        "code": "SW9 1EF",
        "street": "adsfa"
      }
    },
    "hobbies": [
      {
        "type": "art",
        "name": "print making"
      }
    ]
  },
  "errorCount": 0,
  "defaultValue": {
    "name": "",
    "age": 0,
    "contact": {
      "tel": "",
      "address": {
        "code": "",
        "street": ""
      }
    },
    "hobbies": []
  },
  "formIsDirty": false,
  "formIsValid": true,
  "initialValue": {
    "name": "Stuart Bourhill",
    "contact": {
      "tel": "07934449898",
      "address": {
        "code": "SW9 1EF",
        "street": "adsfa"
      }
    },
    "hobbies": [
      {
        "type": "art",
        "name": "print making"
      }
    ]
  },
  "initialMount": true,
  "errors": {},
  "touched": {},
  "visited": {},
  "activeField": null,
  "submitCount": 0
}
  </pre>
</form>
`;
