// Jest Snapshot v1, https://goo.gl/fbAQLP

exports[`<Form /> snapshot should match previous snapshot 1`] = `
<form
  onSubmit={[Function]}
>
  <div>
    <label
      htmlFor="firstName"
    >
      First Name
    </label>
    <input
      id="firstName"
      name="firstName"
      onBlur={[Function]}
      onChange={[Function]}
      onFocus={[Function]}
    />
    <pre
      data-testid="extra_firstName"
    >
      {
  "label": "First Name"
}
    </pre>
    <span
      data-testid="firstName_isValid"
    >
      true
    </span>
    <span
      data-testid="firstName_isActive"
    >
      false
    </span>
    <span
      data-testid="firstName_isDirty"
    >
      false
    </span>
    <span
      data-testid="firstName_visited"
    >
      false
    </span>
    <span
      data-testid="firstName_touched"
    >
      false
    </span>
    <span
      data-testid="firstName_submitCount"
    >
      0
    </span>
    <span
      data-testid="firstName_errors"
    >
      undefined
    </span>
    <span
      data-testid="firstName_formValue"
    >
      {"name":"Stuart Bourhill","age":0,"contact":{"tel":"07934449898","address":{"code":"SW9 1EF","street":"adsfa"}},"hobbies":[{"type":"art","name":"print making"}]}
    </span>
  </div>
  <div>
    <label
      htmlFor="tel"
    >
      First Name
    </label>
    <input
      id="tel"
      name="tel"
      onBlur={[Function]}
      onChange={[Function]}
      onFocus={[Function]}
      value="07934449898"
    />
    <pre
      data-testid="extra_tel"
    >
      {
  "label": "First Name"
}
    </pre>
    <span
      data-testid="tel_isValid"
    >
      true
    </span>
    <span
      data-testid="tel_isActive"
    >
      false
    </span>
    <span
      data-testid="tel_isDirty"
    >
      false
    </span>
    <span
      data-testid="tel_visited"
    >
      false
    </span>
    <span
      data-testid="tel_touched"
    >
      false
    </span>
    <span
      data-testid="tel_submitCount"
    >
      0
    </span>
    <span
      data-testid="tel_errors"
    >
      undefined
    </span>
    <span
      data-testid="tel_formValue"
    >
      {"name":"Stuart Bourhill","age":0,"contact":{"tel":"07934449898","address":{"code":"SW9 1EF","street":"adsfa"}},"hobbies":[{"type":"art","name":"print making"}]}
    </span>
  </div>
  <div>
    <label
      htmlFor="email"
    >
      Email Address
    </label>
    <input
      id="email"
      name="email"
      onBlur={[Function]}
      onChange={[Function]}
      onFocus={[Function]}
    />
    <pre
      data-testid="extra_email"
    >
      {
  "label": "Email Address"
}
    </pre>
    <span
      data-testid="email_isValid"
    >
      true
    </span>
    <span
      data-testid="email_isActive"
    >
      false
    </span>
    <span
      data-testid="email_isDirty"
    >
      false
    </span>
    <span
      data-testid="email_visited"
    >
      false
    </span>
    <span
      data-testid="email_touched"
    >
      false
    </span>
    <span
      data-testid="email_submitCount"
    >
      0
    </span>
    <span
      data-testid="email_errors"
    >
      undefined
    </span>
    <span
      data-testid="email_formValue"
    >
      {"name":"Stuart Bourhill","age":0,"contact":{"tel":"07934449898","address":{"code":"SW9 1EF","street":"adsfa"}},"hobbies":[{"type":"art","name":"print making"}]}
    </span>
  </div>
  <div>
    <label
      htmlFor="type"
    >
      Type of hobby
    </label>
    <input
      id="type"
      name="type"
      onBlur={[Function]}
      onChange={[Function]}
      onFocus={[Function]}
      value="art"
    />
    <pre
      data-testid="extra_type"
    >
      {
  "label": "Type of hobby"
}
    </pre>
    <span
      data-testid="type_isValid"
    >
      true
    </span>
    <span
      data-testid="type_isActive"
    >
      false
    </span>
    <span
      data-testid="type_isDirty"
    >
      false
    </span>
    <span
      data-testid="type_visited"
    >
      false
    </span>
    <span
      data-testid="type_touched"
    >
      false
    </span>
    <span
      data-testid="type_submitCount"
    >
      0
    </span>
    <span
      data-testid="type_errors"
    >
      undefined
    </span>
    <span
      data-testid="type_formValue"
    >
      {"name":"Stuart Bourhill","age":0,"contact":{"tel":"07934449898","address":{"code":"SW9 1EF","street":"adsfa"}},"hobbies":[{"type":"art","name":"print making"}]}
    </span>
  </div>
  <div>
    <label
      htmlFor="name"
    >
      Name of hobby
    </label>
    <input
      id="name"
      name="name"
      onBlur={[Function]}
      onChange={[Function]}
      onFocus={[Function]}
      value="print making"
    />
    <pre
      data-testid="extra_name"
    >
      {
  "label": "Name of hobby"
}
    </pre>
    <span
      data-testid="name_isValid"
    >
      true
    </span>
    <span
      data-testid="name_isActive"
    >
      false
    </span>
    <span
      data-testid="name_isDirty"
    >
      false
    </span>
    <span
      data-testid="name_visited"
    >
      false
    </span>
    <span
      data-testid="name_touched"
    >
      false
    </span>
    <span
      data-testid="name_submitCount"
    >
      0
    </span>
    <span
      data-testid="name_errors"
    >
      undefined
    </span>
    <span
      data-testid="name_formValue"
    >
      {"name":"Stuart Bourhill","age":0,"contact":{"tel":"07934449898","address":{"code":"SW9 1EF","street":"adsfa"}},"hobbies":[{"type":"art","name":"print making"}]}
    </span>
  </div>
  <pre>
    {
  "formValue": {
    "name": "Stuart Bourhill",
    "age": 0,
    "contact": {
      "tel": "07934449898",
      "address": {
        "code": "SW9 1EF",
        "street": "adsfa"
      }
    },
    "hobbies": [
      {
        "type": "art",
        "name": "print making"
      }
    ]
  },
  "errorCount": 0,
  "defaultValue": {
    "name": "",
    "age": 0,
    "contact": {
      "tel": "",
      "address": {
        "code": "",
        "street": ""
      }
    },
    "hobbies": []
  },
  "formIsDirty": false,
  "formIsValid": true,
  "initialValue": {
    "name": "Stuart Bourhill",
    "contact": {
      "tel": "07934449898",
      "address": {
        "code": "SW9 1EF",
        "street": "adsfa"
      }
    },
    "hobbies": [
      {
        "type": "art",
        "name": "print making"
      }
    ]
  },
  "initialMount": true,
  "errors": {},
  "touched": {},
  "visited": {},
  "activeField": null,
  "submitCount": 0
}
  </pre>
</form>
`;
